[2026-08-18 16:12:36] [INFO] 📋 找到 1 个模型: ['best.pt']
[2026-08-18 16:12:36] [INFO] 🔄 正在加载模型: C:\Users\hemen\Desktop\训练结果9\fire_detect_finetune\weights\best.pt
[2026-08-18 16:12:38] [SUCCESS] ✅ 模型加载成功: best.pt
[2026-08-18 16:12:38] [INFO] ⏱️ 加载耗时: 1.49s
[2026-08-18 16:12:38] [INFO] 💻 设备: cpu
[2026-08-18 16:12:38] [INFO] 📋 找到 1 个模型: ['best.pt']
[2026-08-18 16:13:07] [INFO] 📋 找到 1 个模型: ['best.pt']
[2026-08-18 16:13:07] [INFO] 🔄 正在加载模型: C:\Users\hemen\Desktop\训练结果9\fire_detect_finetune\weights\best.pt
[2026-08-18 16:13:09] [SUCCESS] ✅ 模型加载成功: best.pt
[2026-08-18 16:13:09] [INFO] ⏱️ 加载耗时: 1.63s
[2026-08-18 16:13:09] [INFO] 💻 设备: cpu
[2026-08-18 16:18:23] [INFO] 📋 找到 1 个模型: ['best.pt']
[2026-08-18 16:21:46] [INFO] 📋 找到 1 个模型: ['best.pt']
[2026-08-18 16:21:46] [INFO] 🔄 正在加载模型: C:\Users\hemen\Desktop\训练结果9\fire_detect_finetune\weights\best.pt
[2026-08-18 16:21:47] [SUCCESS] ✅ 模型加载成功: best.pt
[2026-08-18 16:21:47] [INFO] ⏱️ 加载耗时: 1.50s
[2026-08-18 16:21:47] [INFO] 💻 设备: cpu
[2026-08-18 16:22:04] [INFO] 📋 找到 1 个模型: ['best.pt']
[2026-08-18 16:22:04] [INFO] 🔄 正在加载模型: C:\Users\hemen\Desktop\训练结果9\fire_detect_finetune\weights\best.pt
[2026-08-18 16:22:56] [INFO] 📋 找到 1 个模型: ['best.pt']
[2026-08-18 16:22:56] [INFO] 🔄 正在加载模型: C:\Users\hemen\Desktop\训练结果9\fire_detect_finetune\weights\best.pt
[2026-08-18 16:24:35] [INFO] 📋 找到 1 个模型: ['best.pt']
[2026-08-18 16:24:35] [INFO] 🔄 正在加载模型: C:\Users\hemen\Desktop\训练结果9\fire_detect_finetune\weights\best.pt
[2026-08-18 16:24:36] [SUCCESS] ✅ 模型加载成功: best.pt
[2026-08-18 16:24:36] [INFO] ⏱️ 加载耗时: 1.26s
[2026-08-18 16:24:36] [INFO] 💻 设备: cpu
[2026-08-18 16:25:55] [INFO] 📋 找到 1 个模型: ['best.pt']
[2026-08-18 16:25:55] [INFO] 🔄 正在加载模型: C:\Users\hemen\Desktop\训练结果9\fire_detect_finetune\weights\best.pt
[2026-08-18 16:25:57] [SUCCESS] ✅ 模型加载成功: best.pt
[2026-08-18 16:25:57] [INFO] ⏱️ 加载耗时: 1.35s
[2026-08-18 16:25:57] [INFO] 💻 设备: cpu
[2026-08-18 16:32:06] [INFO] 📋 找到 1 个模型: ['best.pt']
[2026-08-18 16:32:06] [INFO] 🔄 正在加载模型: C:\Users\hemen\Desktop\训练结果9\fire_detect_finetune\weights\best.pt
[2026-08-18 16:32:48] [INFO] 📋 找到 1 个模型: ['best.pt']
[2026-08-18 16:32:48] [INFO] 🔄 正在加载模型: C:\Users\hemen\Desktop\训练结果9\fire_detect_finetune\weights\best.pt
[2026-08-18 16:33:36] [INFO] 📋 找到 1 个模型: ['best.pt']
[2026-08-18 16:33:36] [INFO] 🔄 正在加载模型: C:\Users\hemen\Desktop\训练结果9\fire_detect_finetune\weights\best.pt
[2026-08-18 16:33:38] [SUCCESS] ✅ 模型加载成功: best.pt
[2026-08-18 16:33:38] [INFO] ⏱️ 加载耗时: 1.27s
[2026-08-18 16:33:38] [INFO] 💻 设备: cpu
[2026-08-18 16:34:19] [INFO] 📋 找到 1 个模型: ['best.pt']
[2026-08-18 16:34:19] [INFO] 🔄 正在加载模型: C:\Users\hemen\Desktop\训练结果9\fire_detect_finetune\weights\best.pt
[2026-08-18 16:47:36] [INFO] 📋 找到 1 个模型: ['best.pt']
[2026-08-18 16:47:36] [INFO] 🔄 正在加载模型: C:\Users\hemen\Desktop\训练结果9\fire_detect_finetune\weights\best.pt
[2026-08-18 16:47:37] [SUCCESS] ✅ 模型加载成功: best.pt
[2026-08-18 16:47:37] [INFO] ⏱️ 加载耗时: 1.29s
[2026-08-18 16:47:37] [INFO] 💻 设备: cpu
[2026-08-18 16:56:03] [INFO] 📋 找到 1 个模型: ['best.pt']
[2026-08-18 16:56:03] [INFO] 🔄 正在加载模型: C:\Users\hemen\Desktop\训练结果9\fire_detect_finetune\weights\best.pt
[2026-08-18 16:56:04] [SUCCESS] ✅ 模型加载成功: best.pt
[2026-08-18 16:56:04] [ERROR] ❌ 模型加载失败: [Errno 22] Invalid argument
[2026-08-18 17:14:06] [INFO] 📋 找到 1 个模型: ['best.pt']
[2026-08-18 17:14:06] [INFO] 🔄 正在加载模型: C:\Users\hemen\Desktop\训练结果9\fire_detect_finetune\weights\best.pt
[2026-08-18 17:14:07] [SUCCESS] ✅ 模型加载成功: best.pt
[2026-08-18 17:14:07] [INFO] ⏱️ 加载耗时: 1.23s
[2026-08-18 17:14:07] [INFO] 💻 设备: cpu
[2026-08-18 17:14:07] [INFO] 📋 找到 1 个模型: ['best.pt']
[2026-08-18 17:15:41] [INFO] 📋 找到 1 个模型: ['best.pt']
[2026-08-18 17:15:41] [INFO] 🔄 正在加载模型: C:\Users\hemen\Desktop\训练结果9\fire_detect_finetune\weights\best.pt
[2026-08-18 17:15:42] [SUCCESS] ✅ 模型加载成功: best.pt
[2026-08-18 17:15:42] [INFO] ⏱️ 加载耗时: 1.40s
[2026-08-18 17:15:42] [INFO] 💻 设备: cpu
[2026-08-18 17:16:05] [INFO] 📋 找到 1 个模型: ['best.pt']
[2026-08-18 17:16:05] [INFO] 🔄 正在加载模型: C:\Users\hemen\Desktop\训练结果9\fire_detect_finetune\weights\best.pt
[2026-08-18 17:16:07] [SUCCESS] ✅ 模型加载成功: best.pt
[2026-08-18 17:16:07] [INFO] ⏱️ 加载耗时: 1.35s
[2026-08-18 17:16:07] [INFO] 💻 设备: cpu
[2026-08-18 17:16:13] [INFO] 🔄 正在加载模型: C:\Users\hemen\Desktop\训练结果9\fire_detect_finetune\weights\best.pt
[2026-08-18 17:16:13] [SUCCESS] ✅ 模型加载成功: best.pt
[2026-08-18 17:16:13] [INFO] ⏱️ 加载耗时: 0.37s
[2026-08-18 17:16:13] [INFO] 💻 设备: cpu
[2026-08-18 18:05:24] [INFO] 📋 找到 1 个模型: ['best.pt']
[2026-08-18 18:05:24] [INFO] 🔄 正在加载模型: C:\Users\hemen\Desktop\训练结果9\fire_detect_finetune\weights\best.pt
[2026-08-18 18:05:27] [SUCCESS] ✅ 模型加载成功: best.pt
[2026-08-18 18:05:27] [INFO] ⏱️ 加载耗时: 3.00s
[2026-08-18 18:05:27] [INFO] 💻 设备: cpu
[2026-08-18 18:08:51] [INFO] 📋 找到 1 个模型: ['best.pt']
[2026-08-18 18:08:51] [INFO] 🔄 正在加载模型: C:\Users\hemen\Desktop\训练结果9\fire_detect_finetune\weights\best.pt
[2026-08-18 18:08:52] [SUCCESS] ✅ 模型加载成功: best.pt
[2026-08-18 18:08:52] [INFO] ⏱️ 加载耗时: 1.43s
[2026-08-18 18:08:52] [INFO] 💻 设备: cpu
[2026-08-18 18:10:22] [INFO] 📋 找到 1 个模型: ['best.pt']
[2026-08-18 18:10:22] [INFO] 🔄 正在加载模型: C:\Users\hemen\Desktop\训练结果9\fire_detect_finetune\weights\best.pt
[2026-08-18 18:10:24] [SUCCESS] ✅ 模型加载成功: best.pt
[2026-08-18 18:10:24] [INFO] ⏱️ 加载耗时: 2.11s
[2026-08-18 18:10:24] [INFO] 💻 设备: cuda
[2026-08-18 18:41:04] [INFO] 📋 找到 1 个模型: ['best.pt']
[2026-08-18 18:41:05] [INFO] 📋 找到 1 个模型: ['best.pt']
[2026-08-18 18:41:05] [INFO] 🔄 正在加载模型: C:\Users\hemen\Desktop\训练结果9\fire_detect_finetune\weights\best.pt
[2026-08-18 18:41:08] [SUCCESS] ✅ 模型加载成功: best.pt
[2026-08-18 18:41:08] [INFO] ⏱️ 加载耗时: 3.12s
[2026-08-18 18:41:08] [INFO] 💻 设备: cpu
[2026-08-18 18:42:42] [INFO] 🔄 正在加载模型: C:\Users\hemen\Desktop\训练结果9\fire_detect_finetune\weights\best.pt
[2026-08-18 18:42:43] [SUCCESS] ✅ 模型加载成功: best.pt
[2026-08-18 18:42:43] [INFO] ⏱️ 加载耗时: 1.30s
[2026-08-18 18:42:43] [INFO] 💻 设备: cuda
[2026-08-18 18:47:19] [INFO] 📋 找到 1 个模型: ['best.pt']
[2026-08-18 18:47:56] [INFO] 🔄 正在加载模型: C:\Users\hemen\Desktop\训练结果9\fire_detect_finetune\weights\best.pt
[2026-08-18 18:47:56] [SUCCESS] ✅ 模型加载成功: best.pt
[2026-08-18 18:47:56] [INFO] ⏱️ 加载耗时: 0.39s
[2026-08-18 18:47:56] [INFO] 💻 设备: cuda
[2026-08-18 20:35:52] [INFO] 📋 找到 1 个模型: ['best.pt']
[2026-08-18 20:35:52] [INFO] 🔄 正在加载模型: C:\Users\hemen\Desktop\训练结果9\fire_detect_finetune\weights\best.pt
[2026-08-18 20:35:54] [SUCCESS] ✅ 模型加载成功: best.pt
[2026-08-18 20:35:54] [INFO] ⏱️ 加载耗时: 2.36s
[2026-08-18 20:35:54] [INFO] 💻 设备: cuda
[2026-08-18 20:36:01] [INFO] 📋 找到 1 个模型: ['best.pt']
[2026-08-18 20:36:08] [INFO] 🔄 正在加载模型: C:\Users\hemen\Desktop\训练结果9\fire_detect_finetune\weights\best.pt
[2026-08-18 20:36:08] [SUCCESS] ✅ 模型加载成功: best.pt
[2026-08-18 20:36:08] [INFO] ⏱️ 加载耗时: 0.38s
[2026-08-18 20:36:08] [INFO] 💻 设备: cuda
[2026-08-18 21:10:58] [INFO] 📋 找到 1 个模型: ['best.pt']
[2026-08-18 21:10:58] [INFO] 🔄 正在加载模型: C:\Users\hemen\Desktop\训练结果9\fire_detect_finetune\weights\best.pt
[2026-08-18 21:11:02] [SUCCESS] ✅ 模型加载成功: best.pt
[2026-08-18 21:11:02] [INFO] ⏱️ 加载耗时: 3.12s
[2026-08-18 21:11:02] [INFO] 💻 设备: cuda
[2026-08-18 21:11:02] [INFO] 📋 找到 1 个模型: ['best.pt']
[2026-08-18 21:11:08] [INFO] 🔄 正在加载模型: C:\Users\hemen\Desktop\训练结果9\fire_detect_finetune\weights\best.pt
[2026-08-18 21:11:09] [SUCCESS] ✅ 模型加载成功: best.pt
[2026-08-18 21:11:09] [INFO] ⏱️ 加载耗时: 0.35s
[2026-08-18 21:11:09] [INFO] 💻 设备: cuda
